// Jest Snapshot v1, https://goo.gl/fbAQLP

exports[`renders correctly 1`] = `

<div data-reactroot>
  <div class="gettingThereItem"
       style="color: rgba(0, 0, 0, 0.87); background-color: rgb(255, 255, 255); box-sizing: border-box; font-family: Roboto, sans-serif; box-shadow: 0 1px 6px rgba(0, 0, 0, 0.12),
         0 1px 4px rgba(0, 0, 0, 0.12); border-radius: 2px; z-index: 1;"
  >
    <div style="padding-bottom: 8px;">
      <div style="padding: 16px; position: relative;">
        <span style="font-size: 24px; color: rgba(0, 0, 0, 0.87); display: block; line-height: 36px;">
          <div>
            <strong>
              From Tai Po / Ma On Shan
            </strong>
            <!-- react-text: 8 -->
            Minibus route 807K
            <!-- /react-text -->
          </div>
        </span>
        <span style="font-size: 14px; color: rgba(0, 0, 0, 0.54); display: block;">
          Departs every 7 to 10 minutes
        </span>
      </div>
      <div style="padding: 16px; font-size: 14px; color: rgba(0, 0, 0, 0.87);">
        <p>
          <!-- react-text: 12 -->
          You can take Green Minibus
          <!-- /react-text -->
          <a href="http://www.16seats.net/eng/gmb/gn_807k.html"
             title="Minibus route 807K"
             target="_blank"
          >
            route 807K
          </a>
          <!-- react-text: 14 -->
          at University Station or Ma On Shan.
          <!-- /react-text -->
          <strong>
            Make sure not to be confused with minibus routes 807A and 807B.
          </strong>
          <!-- react-text: 16 -->
          They are different routes.
          <!-- /react-text -->
        </p>
        <p>
          Note that sometimes you may not be able to get a seat at the terminus in Ma On Shan.
        </p>
        <p>
          <strong>
            Pick-up point:
          </strong>
          <!-- react-text: 20 -->
          University Station / Ma On Shan Park, next to Ma On Shan Plaza
          <!-- /react-text -->
        </p>
        <div class="LazyLoad"
             style="height: 450px; width: 768px;"
        >
        </div>
        <p>
          <strong>
            Drop-off point:
          </strong>
          <!-- react-text: 24 -->
          Tseng Tau Tsuen (井頭村) Minibus Terminus
          <!-- /react-text -->
        </p>
        <div class="LazyLoad"
             style="height: 450px; width: 768px;"
        >
        </div>
      </div>
    </div>
  </div>
  <div class="gettingThereItem"
       style="color: rgba(0, 0, 0, 0.87); background-color: rgb(255, 255, 255); box-sizing: border-box; font-family: Roboto, sans-serif; box-shadow: 0 1px 6px rgba(0, 0, 0, 0.12),
         0 1px 4px rgba(0, 0, 0, 0.12); border-radius: 2px; z-index: 1;"
  >
    <div style="padding-bottom: 8px;">
      <div style="padding: 16px; position: relative;">
        <span style="font-size: 24px; color: rgba(0, 0, 0, 0.87); display: block; line-height: 36px;">
          <div>
            <strong>
              From Shatin
            </strong>
            <!-- react-text: 32 -->
            Bus routes 299X
            <!-- /react-text -->
          </div>
        </span>
        <span style="font-size: 14px; color: rgba(0, 0, 0, 0.54); display: block;">
          It's a bit slow
        </span>
      </div>
      <div style="padding: 16px; font-size: 14px; color: rgba(0, 0, 0, 0.87);">
        <p>
          <strong>
            Pick-up point:
          </strong>
          <!-- react-text: 37 -->
          Sai Kung Bus Terminus
          <!-- /react-text -->
        </p>
        <p>
          You can take bus route 299X. It takes about 1 hour from New Town Plaza to the drop-off point.
        </p>
        <div class="LazyLoad"
             style="height: 450px; width: 768px;"
        >
        </div>
        <p>
          <strong>
            Drop-off point:
          </strong>
          <!-- react-text: 42 -->
          Tai Tung (大洞)
          <!-- /react-text -->
        </p>
        <div class="LazyLoad"
             style="height: 450px; width: 768px;"
        >
        </div>
        <p>
          <strong>
            Walk:
          </strong>
          <!-- react-text: 46 -->
          About 15 minutes, 1.0 km
          <!-- /react-text -->
        </p>
      </div>
    </div>
  </div>
  <div class="gettingThereItem"
       style="color: rgba(0, 0, 0, 0.87); background-color: rgb(255, 255, 255); box-sizing: border-box; font-family: Roboto, sans-serif; box-shadow: 0 1px 6px rgba(0, 0, 0, 0.12),
         0 1px 4px rgba(0, 0, 0, 0.12); border-radius: 2px; z-index: 1;"
  >
    <div style="padding-bottom: 8px;">
      <div style="padding: 16px; position: relative;">
        <span style="font-size: 24px; color: rgba(0, 0, 0, 0.87); display: block; line-height: 36px;">
          <div>
            <strong>
              From Sai Kung
            </strong>
            <!-- react-text: 53 -->
            Bus routes 299X / 99
            <!-- /react-text -->
          </div>
        </span>
        <span style="font-size: 14px; color: rgba(0, 0, 0, 0.54); display: block;">
          May get into a traffic jam
        </span>
      </div>
      <div style="padding: 16px; font-size: 14px; color: rgba(0, 0, 0, 0.87);">
        <p>
          <strong>
            Pick-up point:
          </strong>
          <!-- react-text: 58 -->
          Sai Kung Bus Terminus
          <!-- /react-text -->
        </p>
        <p>
          You can take bus routes 299X or 99. Both routes go via Sai Sha Road. Although route 299X usually take less time, sometimes the queue is very long or it is already very full such that you may want to take route 99 instead.
        </p>
        <p>
          Note that you may get into a traffic jam because these routes go via Sai Kung city center. Make sure to check Google Map for real-time traffic information before taking these routes.
        </p>
        <div class="LazyLoad"
             style="height: 450px; width: 768px;"
        >
        </div>
        <p>
          <strong>
            Drop-off point:
          </strong>
          <!-- react-text: 64 -->
          Tin Liu (田寮)
          <!-- /react-text -->
        </p>
        <div class="LazyLoad"
             style="height: 450px; width: 768px;"
        >
        </div>
        <p>
          <strong>
            Walk:
          </strong>
          <!-- react-text: 68 -->
          About 15 minutes, 1.0 km
          <!-- /react-text -->
        </p>
      </div>
    </div>
  </div>
  <div class="gettingThereItem"
       style="color: rgba(0, 0, 0, 0.87); background-color: rgb(255, 255, 255); box-sizing: border-box; font-family: Roboto, sans-serif; box-shadow: 0 1px 6px rgba(0, 0, 0, 0.12),
         0 1px 4px rgba(0, 0, 0, 0.12); border-radius: 2px; z-index: 1;"
  >
    <div style="padding-bottom: 8px;">
      <div style="padding: 16px; position: relative;">
        <span style="font-size: 24px; color: rgba(0, 0, 0, 0.87); display: block; line-height: 36px;">
          GoGoVan
        </span>
        <span style="font-size: 14px; color: rgba(0, 0, 0, 0.54); display: block;">
          Cheaper than taxi
        </span>
      </div>
      <div style="padding: 16px; font-size: 14px; color: rgba(0, 0, 0, 0.87);">
        <p>
          You can take GoGoVan and share the fare between 2 to 4 passengers. It is a little cheaper than taxi. Tell the driver the drop-off point is Tseng Tau Tsuen (井頭村) Minibus Terminus, Sai Kung. Most drivers know where it is and they will choose the fastest route for you.
        </p>
        <p>
          <!-- react-text: 77 -->
          Check out their
          <!-- /react-text -->
          <a href="https://itunes.apple.com/hk/app/gogovan/id708390467"
             target="_blank"
          >
            iOS
          </a>
          <!-- react-text: 79 -->
          or
          <!-- /react-text -->
          <a href="https://play.google.com/store/apps/details?id=hk.gogovan.GoGoVanClient2"
             target="_blank"
          >
            Android
          </a>
          <!-- react-text: 81 -->
          app.
          <!-- /react-text -->
        </p>
        <p>
          <i>
            There will be a holiday charge of HK$ 15
          </i>
        </p>
      </div>
    </div>
  </div>
  <div class="gettingThereItem"
       style="color: rgba(0, 0, 0, 0.87); background-color: rgb(255, 255, 255); box-sizing: border-box; font-family: Roboto, sans-serif; box-shadow: 0 1px 6px rgba(0, 0, 0, 0.12),
         0 1px 4px rgba(0, 0, 0, 0.12); border-radius: 2px; z-index: 1;"
  >
    <div style="padding-bottom: 8px;">
      <div style="padding: 16px; position: relative;">
        <span style="font-size: 24px; color: rgba(0, 0, 0, 0.87); display: block; line-height: 36px;">
          Taxi
        </span>
        <span style="font-size: 14px; color: rgba(0, 0, 0, 0.54); display: block;">
          Never get lost
        </span>
      </div>
      <div style="padding: 16px; font-size: 14px; color: rgba(0, 0, 0, 0.87);">
        <!-- react-text: 90 -->
        You won't get lost if you take a taxi. Depending on where the taxi pick-up point is, you may want remind the driver
        <!-- /react-text -->
        <strong>
          not
        </strong>
        <!-- react-text: 92 -->
        to enter Sai Kung city center because traffic is usually congested on weekends. If feasible, go via Ma On Shan instead.
        <!-- /react-text -->
      </div>
    </div>
  </div>
</div>

`;
