// Jest Snapshot v1, https://goo.gl/fbAQLP

exports[`renders correctly 1`] = `

<div data-reactroot>
  <div class="yungShueORaftItem"
       style="color: rgba(0, 0, 0, 0.87); background-color: rgb(255, 255, 255); box-sizing: border-box; font-family: Roboto, sans-serif; box-shadow: 0 1px 6px rgba(0, 0, 0, 0.12),
         0 1px 4px rgba(0, 0, 0, 0.12); border-radius: 2px; z-index: 1;"
  >
    <div style="padding-bottom: 8px;">
      <div style="position: relative;">
        <div>
          <img src="raft-floating.jpg"
               style="vertical-align: top; max-width: 100%; min-width: 100%; width: 100%;"
          >
        </div>
        <!-- react-text: 7 -->
        <!-- /react-text -->
      </div>
      <div style="padding: 16px; position: relative;">
        <span style="font-size: 24px; color: rgba(0, 0, 0, 0.87); display: block; line-height: 36px;">
          Yung Shue O Rafts (榕樹澳漁排)
        </span>
        <span style="font-size: 14px; color: rgba(0, 0, 0, 0.54); display: block;">
        </span>
      </div>
      <div style="padding: 16px; font-size: 14px; color: rgba(0, 0, 0, 0.87);">
        <p>
          Yung Shue O fish cultivation facilities have become sites for recreational activities since 15 years ago (2002) as one of the steps the Government planned to promote local economic growth. There are over a hundred fish cultivation rafts. Some of them feature water sports, some feature fishing in closed areas where the fish is trapped. The one we chose is 魚樂會, where we are going to fish in the middle of the ocean!
        </p>
        <p>
          A fish cultivation raft is a floating structure, built using woods with large empty plastic cylinder containers underneath. The structure is so large that you can hardly feel you are floating on water.
        </p>
      </div>
    </div>
  </div>
  <div class="yungShueORaftItem"
       style="color: rgba(0, 0, 0, 0.87); background-color: rgb(255, 255, 255); box-sizing: border-box; font-family: Roboto, sans-serif; box-shadow: 0 1px 6px rgba(0, 0, 0, 0.12),
         0 1px 4px rgba(0, 0, 0, 0.12); border-radius: 2px; z-index: 1;"
  >
    <div style="padding-bottom: 8px;">
      <div style="padding: 16px; position: relative;">
        <span style="font-size: 24px; color: rgba(0, 0, 0, 0.87); display: block; line-height: 36px;">
          The event
        </span>
        <span style="font-size: 14px; color: rgba(0, 0, 0, 0.54); display: block;">
        </span>
      </div>
      <div style="padding: 16px; font-size: 14px; color: rgba(0, 0, 0, 0.87);">
        <p>
          <!-- react-text: 21 -->
          The event will be held on
          <!-- /react-text -->
          <strong>
            July 9, 2017 (Sunday)
          </strong>
          <!-- react-text: 23 -->
          , from noon till evening.
          <!-- /react-text -->
        </p>
        <p>
          <!-- react-text: 25 -->
          Reserve your day by importing this iCalendar appointment file to your device:
          <!-- /react-text -->
          <br>
          <span style="font-size: xx-large;">
            <a href="YungShueORafts.ics"
               title="iCalendar appointment"
            >
              <i class="icofont icofont-ui-calendar">
              </i>
            </a>
          </span>
        </p>
        <div class="LazyLoad"
             style="height: 640px; width: 768px;"
        >
        </div>
        <br>
        <div class="LazyLoad"
             style="height: 400px; width: 768px;"
        >
        </div>
        <br>
        <div class="LazyLoad"
             style="height: 400px; width: 768px;"
        >
        </div>
      </div>
    </div>
  </div>
</div>

`;
