// Jest Snapshot v1, https://goo.gl/fbAQLP

exports[`renders correctly 1`] = `

<div data-reactroot>
  <!-- react-empty: 2 -->
  <div class="drawer"
       style="color: rgba(0, 0, 0, 0.87); background-color: rgb(255, 255, 255); box-sizing: border-box; font-family: Roboto, sans-serif; box-shadow: 0 3px 10px rgba(0, 0, 0, 0.16),
         0 3px 10px rgba(0, 0, 0, 0.23); border-radius: 0px; height: 100%; width: 256px; position: fixed; z-index: 1300; left: 0px; top: 0px; overflow: auto;"
  >
    <div role="presentation"
         style="z-index: 1000; width: 84px;"
    >
      <div role="menu"
           style="padding: 8px 0px 8px 0px; display: table-cell; width: 84px;"
      >
        <div>
          <span role="menuitem"
                tabindex="0"
                style="border: 10px; box-sizing: border-box; display: block; font-family: Roboto, sans-serif; cursor: pointer; text-decoration: none; margin: 0px; padding: 0px; outline: none; font-size: 16px; font-weight: inherit; position: relative; z-index: 1; color: rgba(0, 0, 0, 0.87); line-height: 48px; min-height: 48px; white-space: nowrap; background: none;"
          >
            <div>
              <div style="margin-left: 0px; padding: 0px 16px 0px 72px; position: relative;">
                <span class="home"
                      color="#757575"
                      style="color: rgb(117, 117, 117); position: absolute; font-size: 24px; display: block; height: 24px; width: 24px; top: 0px; margin: 12px; left: 4px;"
                >
                </span>
                <div>
                  Home
                </div>
              </div>
            </div>
          </span>
        </div>
        <div>
          <span role="menuitem"
                tabindex="0"
                style="border: 10px; box-sizing: border-box; display: block; font-family: Roboto, sans-serif; cursor: pointer; text-decoration: none; margin: 0px; padding: 0px; outline: none; font-size: 16px; font-weight: inherit; position: relative; z-index: 1; color: rgba(0, 0, 0, 0.87); line-height: 48px; min-height: 48px; white-space: nowrap; background: none;"
          >
            <div>
              <div style="margin-left: 0px; padding: 0px 16px 0px 72px; position: relative;">
                <span class="map-marker"
                      color="#757575"
                      style="color: rgb(117, 117, 117); position: absolute; font-size: 24px; display: block; height: 24px; width: 24px; top: 0px; margin: 12px; left: 4px;"
                >
                </span>
                <div>
                  Location
                </div>
              </div>
            </div>
          </span>
        </div>
        <div>
          <span role="menuitem"
                tabindex="0"
                style="border: 10px; box-sizing: border-box; display: block; font-family: Roboto, sans-serif; cursor: pointer; text-decoration: none; margin: 0px; padding: 0px; outline: none; font-size: 16px; font-weight: inherit; position: relative; z-index: 1; color: rgba(0, 0, 0, 0.87); line-height: 48px; min-height: 48px; white-space: nowrap; background: none;"
          >
            <div>
              <div style="margin-left: 0px; padding: 0px 16px 0px 72px; position: relative;">
                <span class="bus"
                      color="#757575"
                      style="color: rgb(117, 117, 117); position: absolute; font-size: 24px; display: block; height: 24px; width: 24px; top: 0px; margin: 12px; left: 4px;"
                >
                </span>
                <div>
                  Transportation
                </div>
              </div>
            </div>
          </span>
        </div>
      </div>
    </div>
  </div>
</div>

`;
