// Jest Snapshot v1, https://goo.gl/fbAQLP

exports[`renders correctly 1`] = `

<div data-reactroot>
  <div class="barbecueItem"
       style="color: rgba(0, 0, 0, 0.87); background-color: rgb(255, 255, 255); box-sizing: border-box; font-family: Roboto, sans-serif; box-shadow: 0 1px 6px rgba(0, 0, 0, 0.12),
         0 1px 4px rgba(0, 0, 0, 0.12); border-radius: 2px; z-index: 1;"
  >
    <div style="padding-bottom: 8px;">
      <div style="position: relative;">
        <div>
          <img src="barbecue.jpg"
               style="vertical-align: top; max-width: 100%; min-width: 100%; width: 100%;"
          >
        </div>
        <!-- react-text: 7 -->
        <!-- /react-text -->
      </div>
      <div style="padding: 16px; position: relative;">
        <span style="font-size: 24px; color: rgba(0, 0, 0, 0.87); display: block; line-height: 36px;">
          Barbecue
        </span>
        <span style="font-size: 14px; color: rgba(0, 0, 0, 0.54); display: block;">
        </span>
      </div>
      <div style="padding: 16px; font-size: 14px; color: rgba(0, 0, 0, 0.87);">
        <p>
          The following foods are included. We will bring some snacks in case you still feel hungry after barbecue.
        </p>
        <p>
          <ul>
            <li>
              1 x Pork steak
            </li>
            <li>
              1 x Beef steak
            </li>
            <li>
              1 x Chicken steak
            </li>
            <li>
              3 x Chicken wings
            </li>
            <li>
              6 x Meat balls
            </li>
            <li>
              2 x Red sausages
            </li>
            <li>
              2 x Sausages
            </li>
          </ul>
        </p>
      </div>
    </div>
  </div>
  <div class="barbecueItem"
       style="color: rgba(0, 0, 0, 0.87); background-color: rgb(255, 255, 255); box-sizing: border-box; font-family: Roboto, sans-serif; box-shadow: 0 1px 6px rgba(0, 0, 0, 0.12),
         0 1px 4px rgba(0, 0, 0, 0.12); border-radius: 2px; z-index: 1;"
  >
    <div style="padding-bottom: 8px;">
      <div style="position: relative;">
        <div>
          <img src="soft-drinks.jpg"
               style="vertical-align: top; max-width: 100%; min-width: 100%; width: 100%;"
          >
        </div>
        <!-- react-text: 27 -->
        <!-- /react-text -->
      </div>
      <div style="padding: 16px; position: relative;">
        <span style="font-size: 24px; color: rgba(0, 0, 0, 0.87); display: block; line-height: 36px;">
          Soft drinks &amp; beers
        </span>
        <span style="font-size: 14px; color: rgba(0, 0, 0, 0.54); display: block;">
        </span>
      </div>
      <div style="padding: 16px; font-size: 14px; color: rgba(0, 0, 0, 0.87);">
        <p>
          Two soft drinks per person are included. You can buy more from there.
        </p>
        <p>
          <ul>
            <li>
              HK$ 10 Bottled water
            </li>
            <li>
              HK$ 10 Can of soft drink
            </li>
            <li>
              HK$ 16 Can of Tsingtao
            </li>
            <li>
              HK$ 18 Small bottle of Blue Girl
            </li>
          </ul>
        </p>
      </div>
    </div>
  </div>
  <div class="barbecueItem"
       style="color: rgba(0, 0, 0, 0.87); background-color: rgb(255, 255, 255); box-sizing: border-box; font-family: Roboto, sans-serif; box-shadow: 0 1px 6px rgba(0, 0, 0, 0.12),
         0 1px 4px rgba(0, 0, 0, 0.12); border-radius: 2px; z-index: 1;"
  >
    <div style="padding-bottom: 8px;">
      <div style="position: relative;">
        <div>
          <img src="wines.jpg"
               style="vertical-align: top; max-width: 100%; min-width: 100%; width: 100%;"
          >
        </div>
        <!-- react-text: 44 -->
        <!-- /react-text -->
      </div>
      <div style="padding: 16px; position: relative;">
        <span style="font-size: 24px; color: rgba(0, 0, 0, 0.87); display: block; line-height: 36px;">
          Wines
        </span>
        <span style="font-size: 14px; color: rgba(0, 0, 0, 0.54); display: block;">
        </span>
      </div>
      <div style="padding: 16px; font-size: 14px; color: rgba(0, 0, 0, 0.87);">
        <p>
          Red and white wines will be provided to our wine lovers. We will decide the wine selection later. Stay tuned!
        </p>
      </div>
    </div>
  </div>
</div>

`;
