// Jest Snapshot v1, https://goo.gl/fbAQLP

exports[`renders correctly 1`] = `

<div data-reactroot>
  <div style="color: rgba(0, 0, 0, 0.87); background-color: rgb(33, 150, 243); box-sizing: border-box; font-family: Roboto, sans-serif; box-shadow: 0 1px 6px rgba(0, 0, 0, 0.12),
         0 1px 4px rgba(0, 0, 0, 0.12); border-radius: 0px; position: fixed; z-index: 1100; width: 100%; display: flex; padding-left: 24px; padding-right: 24px; top: 0px;">
    <button tabindex="0"
            type="button"
            style="border: 10px; box-sizing: border-box; display: inline-block; font-family: Roboto, sans-serif; cursor: pointer; text-decoration: none; margin: 8px 8px 0px -16px; padding: 12px; outline: none; font-size: 0; font-weight: inherit; position: relative; z-index: 1; overflow: visible; width: 48px; height: 48px; background: none;"
    >
      <div>
        <svg viewbox="0 0 24 24"
             style="display: inline-block; color: rgb(255, 255, 255); fill: #ffffff; height: 24px; width: 24px;"
        >
          <path d="M3 18h18v-2H3v2zm0-5h18v-2H3v2zm0-7v2h18V6H3z">
          </path>
        </svg>
      </div>
    </button>
    <h1 style="white-space: nowrap; overflow: hidden; text-overflow: ellipsis; margin: 0px; padding-top: 0px; letter-spacing: 0; font-size: 24px; font-weight: 400; color: rgb(255, 255, 255); height: 64px; line-height: 64px;">
      Fishing Club
    </h1>
  </div>
  <div>
    <!-- react-empty: 9 -->
    <div class="drawer"
         style="color: rgba(0, 0, 0, 0.87); background-color: rgb(255, 255, 255); box-sizing: border-box; font-family: Roboto, sans-serif; box-shadow: 0 3px 10px rgba(0, 0, 0, 0.16),
         0 3px 10px rgba(0, 0, 0, 0.23); border-radius: 0px; height: 100%; width: 256px; position: fixed; z-index: 1300; left: 0px; top: 0px; overflow: auto;"
    >
      <div role="presentation"
           style="z-index: 1000; width: 84px;"
      >
        <div role="menu"
             style="padding: 8px 0px 8px 0px; display: table-cell; width: 84px;"
        >
          <div>
            <span role="menuitem"
                  tabindex="0"
                  style="border: 10px; box-sizing: border-box; display: block; font-family: Roboto, sans-serif; cursor: pointer; text-decoration: none; margin: 0px; padding: 0px; outline: none; font-size: 16px; font-weight: inherit; position: relative; z-index: 1; color: rgba(0, 0, 0, 0.87); line-height: 48px; min-height: 48px; white-space: nowrap; background: none;"
            >
              <div>
                <div style="margin-left: 0px; padding: 0px 16px 0px 72px; position: relative;">
                  <span class="icofont icofont-home"
                        color="#757575"
                        style="color: rgb(117, 117, 117); position: absolute; font-size: 24px; display: block; height: 24px; width: 24px; top: 0px; margin: 12px; left: 4px;"
                  >
                  </span>
                  <div>
                    Home
                  </div>
                </div>
              </div>
            </span>
          </div>
          <hr style="margin: 7px 0px 8px 0px; height: 1px; background-color: rgb(224, 224, 224);">
          <div>
            <span role="menuitem"
                  tabindex="0"
                  style="border: 10px; box-sizing: border-box; display: block; font-family: Roboto, sans-serif; cursor: pointer; text-decoration: none; margin: 0px; padding: 0px; outline: none; font-size: 16px; font-weight: inherit; position: relative; z-index: 1; color: rgba(0, 0, 0, 0.87); line-height: 48px; min-height: 48px; white-space: nowrap; background: none;"
            >
              <div>
                <div style="margin-left: 0px; padding: 0px 16px 0px 72px; position: relative;">
                  <span class="icofont icofont-ui-map"
                        color="#757575"
                        style="color: rgb(117, 117, 117); position: absolute; font-size: 24px; display: block; height: 24px; width: 24px; top: 0px; margin: 12px; left: 4px;"
                  >
                  </span>
                  <div>
                    Yung Shue O rafts
                  </div>
                </div>
              </div>
            </span>
          </div>
          <div>
            <span role="menuitem"
                  tabindex="0"
                  style="border: 10px; box-sizing: border-box; display: block; font-family: Roboto, sans-serif; cursor: pointer; text-decoration: none; margin: 0px; padding: 0px; outline: none; font-size: 16px; font-weight: inherit; position: relative; z-index: 1; color: rgba(0, 0, 0, 0.87); line-height: 48px; min-height: 48px; white-space: nowrap; background: none;"
            >
              <div>
                <div style="margin-left: 0px; padding: 0px 16px 0px 72px; position: relative;">
                  <span class="icofont icofont-social-google-map"
                        color="#757575"
                        style="color: rgb(117, 117, 117); position: absolute; font-size: 24px; display: block; height: 24px; width: 24px; top: 0px; margin: 12px; left: 4px;"
                  >
                  </span>
                  <div>
                    Meeting point
                  </div>
                </div>
              </div>
            </span>
          </div>
          <div>
            <span role="menuitem"
                  tabindex="0"
                  style="border: 10px; box-sizing: border-box; display: block; font-family: Roboto, sans-serif; cursor: pointer; text-decoration: none; margin: 0px; padding: 0px; outline: none; font-size: 16px; font-weight: inherit; position: relative; z-index: 1; color: rgba(0, 0, 0, 0.87); line-height: 48px; min-height: 48px; white-space: nowrap; background: none;"
            >
              <div>
                <div style="margin-left: 0px; padding: 0px 16px 0px 72px; position: relative;">
                  <span class="icofont icofont-bus"
                        color="#757575"
                        style="color: rgb(117, 117, 117); position: absolute; font-size: 24px; display: block; height: 24px; width: 24px; top: 0px; margin: 12px; left: 4px;"
                  >
                  </span>
                  <div>
                    Getting there
                  </div>
                </div>
              </div>
            </span>
          </div>
          <hr style="margin: 7px 0px 8px 0px; height: 1px; background-color: rgb(224, 224, 224);">
          <div>
            <span role="menuitem"
                  tabindex="0"
                  style="border: 10px; box-sizing: border-box; display: block; font-family: Roboto, sans-serif; cursor: pointer; text-decoration: none; margin: 0px; padding: 0px; outline: none; font-size: 16px; font-weight: inherit; position: relative; z-index: 1; color: rgba(0, 0, 0, 0.87); line-height: 48px; min-height: 48px; white-space: nowrap; background: none;"
            >
              <div>
                <div style="margin-left: 0px; padding: 0px 16px 0px 72px; position: relative;">
                  <span class="icofont icofont-bbq"
                        color="#757575"
                        style="color: rgb(117, 117, 117); position: absolute; font-size: 24px; display: block; height: 24px; width: 24px; top: 0px; margin: 12px; left: 4px;"
                  >
                  </span>
                  <div>
                    Barbecue
                  </div>
                </div>
              </div>
            </span>
          </div>
          <div>
            <span role="menuitem"
                  tabindex="0"
                  style="border: 10px; box-sizing: border-box; display: block; font-family: Roboto, sans-serif; cursor: pointer; text-decoration: none; margin: 0px; padding: 0px; outline: none; font-size: 16px; font-weight: inherit; position: relative; z-index: 1; color: rgba(0, 0, 0, 0.87); line-height: 48px; min-height: 48px; white-space: nowrap; background: none;"
            >
              <div>
                <div style="margin-left: 0px; padding: 0px 16px 0px 72px; position: relative;">
                  <span class="icofont icofont-animal-fish"
                        color="#757575"
                        style="color: rgb(117, 117, 117); position: absolute; font-size: 24px; display: block; height: 24px; width: 24px; top: 0px; margin: 12px; left: 4px;"
                  >
                  </span>
                  <div>
                    Fishing
                  </div>
                </div>
              </div>
            </span>
          </div>
          <div>
            <span role="menuitem"
                  tabindex="0"
                  style="border: 10px; box-sizing: border-box; display: block; font-family: Roboto, sans-serif; cursor: pointer; text-decoration: none; margin: 0px; padding: 0px; outline: none; font-size: 16px; font-weight: inherit; position: relative; z-index: 1; color: rgba(0, 0, 0, 0.87); line-height: 48px; min-height: 48px; white-space: nowrap; background: none;"
            >
              <div>
                <div style="margin-left: 0px; padding: 0px 16px 0px 72px; position: relative;">
                  <span class="icofont icofont-star"
                        color="#757575"
                        style="color: rgb(117, 117, 117); position: absolute; font-size: 24px; display: block; height: 24px; width: 24px; top: 0px; margin: 12px; left: 4px;"
                  >
                  </span>
                  <div>
                    Star beach
                  </div>
                </div>
              </div>
            </span>
          </div>
          <hr style="margin: 7px 0px 8px 0px; height: 1px; background-color: rgb(224, 224, 224);">
          <div>
            <span role="menuitem"
                  tabindex="0"
                  style="border: 10px; box-sizing: border-box; display: block; font-family: Roboto, sans-serif; cursor: pointer; text-decoration: none; margin: 0px; padding: 0px; outline: none; font-size: 16px; font-weight: inherit; position: relative; z-index: 1; color: rgba(0, 0, 0, 0.87); line-height: 48px; min-height: 48px; white-space: nowrap; background: none;"
            >
              <div>
                <div style="margin-left: 0px; padding: 0px 16px 0px 72px; position: relative;">
                  <span class="icofont icofont-listine-dots"
                        color="#757575"
                        style="color: rgb(117, 117, 117); position: absolute; font-size: 24px; display: block; height: 24px; width: 24px; top: 0px; margin: 12px; left: 4px;"
                  >
                  </span>
                  <div>
                    Preparations
                  </div>
                </div>
              </div>
            </span>
          </div>
          <div>
            <span role="menuitem"
                  tabindex="0"
                  style="border: 10px; box-sizing: border-box; display: block; font-family: Roboto, sans-serif; cursor: pointer; text-decoration: none; margin: 0px; padding: 0px; outline: none; font-size: 16px; font-weight: inherit; position: relative; z-index: 1; color: rgba(0, 0, 0, 0.87); line-height: 48px; min-height: 48px; white-space: nowrap; background: none;"
            >
              <div>
                <div style="margin-left: 0px; padding: 0px 16px 0px 72px; position: relative;">
                  <span class="icofont icofont-question-circle"
                        color="#757575"
                        style="color: rgb(117, 117, 117); position: absolute; font-size: 24px; display: block; height: 24px; width: 24px; top: 0px; margin: 12px; left: 4px;"
                  >
                  </span>
                  <div>
                    FAQ
                  </div>
                </div>
              </div>
            </span>
          </div>
        </div>
      </div>
    </div>
  </div>
  <div class="mainContent"
       style="width: 800px;"
  >
    <div>
      <div class="homeItem"
           style="color: rgba(0, 0, 0, 0.87); background-color: rgb(255, 255, 255); box-sizing: border-box; font-family: Roboto, sans-serif; box-shadow: 0 1px 6px rgba(0, 0, 0, 0.12),
         0 1px 4px rgba(0, 0, 0, 0.12); border-radius: 2px; z-index: 1;"
      >
        <div style="padding-bottom: 8px;">
          <div style="position: relative;">
            <div>
              <img src="logo.jpg"
                   style="vertical-align: top; max-width: 100%; min-width: 100%; width: 100%;"
              >
            </div>
            <!-- react-text: 77 -->
            <!-- /react-text -->
          </div>
          <div style="padding: 16px; position: relative;">
            <span style="font-size: 24px; color: rgba(0, 0, 0, 0.87); display: block; line-height: 36px;">
              Fishing Club
            </span>
            <span style="font-size: 14px; color: rgba(0, 0, 0, 0.54); display: block;">
            </span>
          </div>
          <div style="padding: 16px; font-size: 14px; color: rgba(0, 0, 0, 0.87);">
            <p>
              Welcome to our fishing club! We are going to hold our first ever fishing activity. Here you will find useful information in a nicely organized way.
            </p>
            <p>
              <!-- react-text: 84 -->
              We try to include as much detailed information as we can. Do let us know if we miss any information that you need. If you are in a hurry, please check
              <!-- /react-text -->
              <a href="/others/preparations"
                 title="Preparations"
              >
                Preparations
              </a>
              <!-- react-text: 86 -->
              page where you will learn how to better prepare yourself for the activity.
              <!-- /react-text -->
            </p>
            <p>
              Hope you will enjoy the activity.
            </p>
          </div>
        </div>
      </div>
    </div>
    <!-- react-empty: 88 -->
    <!-- react-empty: 89 -->
    <!-- react-empty: 90 -->
    <!-- react-empty: 91 -->
    <!-- react-empty: 92 -->
    <!-- react-empty: 93 -->
    <!-- react-empty: 94 -->
    <!-- react-empty: 95 -->
    <!-- react-empty: 96 -->
    <!-- react-empty: 97 -->
    <!-- react-empty: 98 -->
  </div>
</div>

`;
